increase	MANUAL_CODE=INCREASE	MANUAL_SEND_CODE=I
increased	MANUAL_E=INCREASE	MANUAL_SEND_CODE=I
increasing	MANUAL_CODE=INCREASE	MANUAL_SEND_CODE=I
increment	MANUAL_CODE=INCREASE	MANUAL_SEND_CODE=I
increases	MANUAL_CODE=INCREASE	MANUAL_SEND_CODE=I
decrease	MANUAL_CODE=DECREASE	MANUAL_SEND_CODE=D
decreases	MANUAL_CODE=DECREASE	MANUAL_SEND_CODE=D
decreased	MANUAL_CODE=DECREASE	MANUAL_SEND_CODE=D
decreasing	MANUAL_CODE=DECREASE	MANUAL_SEND_CODE=D
reduction	MANUAL_CODE=DECREASE	MANUAL_SEND_CODE=D
impaired	MANUAL_CODE=DECREASE	MANUAL_SEND_CODE=D
reduced	MANUAL_CODE=DECREASE	MANUAL_SEND_CODE=D
loss	MANUAL_CODE=DECREASE	MANUAL_SEND_CODE=D
low	MANUAL_CODE=DECREASE	MANUAL_SEND_CODE=D
present	MANUAL_CODE=PRESENT	MANUAL_SEND_CODE=P
observable	MANUAL_CODE=PRESENT	MANUAL_SEND_CODE=P
observed	MANUAL_CODE=PRESENT	MANUAL_SEND_CODE=P
showed	MANUAL_CODE=PRESENT	MANUAL_SEND_CODE=P
show	MANUAL_CODE=PRESENT	MANUAL_SEND_CODE=P
noticed	MANUAL_CODE=PRESENT	MANUAL_SEND_CODE=P
detected	MANUAL_CODE=PRESENT	MANUAL_SEND_CODE=P
detect	MANUAL_CODE=PRESENT	MANUAL_SEND_CODE=P
recognized	MANUAL_CODE=PRESENT	MANUAL_SEND_CODE=P
perceived	MANUAL_CODE=PRESENT	MANUAL_SEND_CODE=P
identified	MANUAL_CODE=PRESENT	MANUAL_SEND_CODE=P
indicated	MANUAL_CODE=PRESENT	MANUAL_SEND_CODE=P
indicate	MANUAL_CODE=PRESENT	MANUAL_SEND_CODE=P
were noted	MANUAL_CODE=PRESENT	MANUAL_SEND_CODE=P