noel	MANUAL_CODE=NOEL_RISK_LEVEL MANUAL_SEND_CODE=NOEL
no observed effect level	MANUAL_CODE=NOEL_RISK_LEVEL MANUAL_SEND_CODE=NOEL
no-observed-effect level	MANUAL_CODE=NOEL_RISK_LEVEL MANUAL_SEND_CODE=NOEL
no-observed-effect-level	MANUAL_CODE=NOEL_RISK_LEVEL MANUAL_SEND_CODE=NOEL
loel	MANUAL_CODE=LOEL_RISK_LEVEL MANUAL_SEND_CODE=LOEL
lowest observed effect level	MANUAL_CODE=LOEL_RISK_LEVEL MANUAL_SEND_CODE=LOEL
lowest-observed-effect level	MANUAL_CODE=LOEL_RISK_LEVEL MANUAL_SEND_CODE=LOEL
lowest-observed-effect-level	MANUAL_CODE=LOEL_RISK_LEVEL MANUAL_SEND_CODE=LOEL
noael	MANUAL_CODE=NOAEL_RISK_LEVEL MANUAL_SEND_CODE=NOAEL
no observed adverse effect level	MANUAL_CODE=NOAEL_RISK_LEVEL MANUAL_SEND_CODE=NOAEL
no-observed-adverse-effect level	MANUAL_CODE=NOAEL_RISK_LEVEL MANUAL_SEND_CODE=NOAEL
no-observed-adverse-effect-level	MANUAL_CODE=NOAEL_RISK_LEVEL MANUAL_SEND_CODE=NOAEL
loael	MANUAL_CODE=LOAEL_RISK_LEVEL MANUAL_SEND_CODE=LOAEL
lowest observed adverse effect level	MANUAL_CODE=LOAEL_RISK_LEVEL MANUAL_SEND_CODE=LOAEL
lowest-observed-adverse-effect level	MANUAL_CODE=LOAEL_RISK_LEVEL MANUAL_SEND_CODE=LOAEL
lowest-observed-adverse-effect-level	MANUAL_CODE=LOAEL_RISK_LEVEL MANUAL_SEND_CODE=LOAEL
lowest concentration	MANUAL_CODE=LOAEL_RISK_LEVEL MANUAL_SEND_CODE=LOAEL