body weight	MANUAL_SEND_DOMAIN_CODE=BW	MANUAL_CODELIST=SDOMAIN	MANUAL_CODELIST_ID=C111113	MANUAL_SEND_DOMAIN_ID=C95085
body mass	MANUAL_SEND_DOMAIN_CODE=BW	MANUAL_CODELIST=SDOMAIN	MANUAL_CODELIST_ID=C111113	MANUAL_SEND_DOMAIN_ID=C95085
body weight	MANUAL_SEND_DOMAIN_CODE=BW	MANUAL_CODELIST=SDOMAIN	MANUAL_CODELIST_ID=C111113	MANUAL_SEND_DOMAIN_ID=C95085
body weights	MANUAL_SEND_DOMAIN_CODE=BW	MANUAL_CODELIST=SDOMAIN	MANUAL_CODELIST_ID=C111113	MANUAL_SEND_DOMAIN_ID=C95085
body-weight	MANUAL_SEND_DOMAIN_CODE=BW	MANUAL_CODELIST=SDOMAIN	MANUAL_CODELIST_ID=C111113	MANUAL_SEND_DOMAIN_ID=C95085
body heaviness	MANUAL_SEND_DOMAIN_CODE=BW	MANUAL_CODELIST=SDOMAIN	MANUAL_CODELIST_ID=C111113	MANUAL_SEND_DOMAIN_ID=C95085
body density	MANUAL_SEND_DOMAIN_CODE=BW	MANUAL_CODELIST=SDOMAIN	MANUAL_CODELIST_ID=C111113	MANUAL_SEND_DOMAIN_ID=C95085
body weight gain	MANUAL_SEND_DOMAIN_CODE=BG	MANUAL_CODELIST=SDOMAIN	MANUAL_CODELIST_ID=C111113	MANUAL_SEND_DOMAIN_ID=C95083
body-weight-gain	MANUAL_SEND_DOMAIN_CODE=BG	MANUAL_CODELIST=SDOMAIN	MANUAL_CODELIST_ID=C111113	MANUAL_SEND_DOMAIN_ID=C95083
depression in body weight gain	MANUAL_SEND_DOMAIN_CODE=BG	MANUAL_CODELIST=SDOMAIN	MANUAL_CODELIST_ID=C111113	MANUAL_SEND_DOMAIN_ID=C95083
clinical	MANUAL_SEND_DOMAIN_CODE=CL	MANUAL_CODELIST=SDOMAIN	MANUAL_CODELIST_ID=C111113	MANUAL_SEND_DOMAIN_ID=C95086
clinical study	MANUAL_SEND_DOMAIN_CODE=CL	MANUAL_CODELIST=SDOMAIN	MANUAL_CODELIST_ID=C111113	MANUAL_SEND_DOMAIN_ID=C95086
clinical findings	MANUAL_SEND_DOMAIN_CODE=CL	MANUAL_CODELIST=SDOMAIN	MANUAL_CODELIST_ID=C111113	MANUAL_SEND_DOMAIN_ID=C95086
clinical observations	MANUAL_SEND_DOMAIN_CODE=CL	MANUAL_CODELIST=SDOMAIN	MANUAL_CODELIST_ID=C111113	MANUAL_SEND_DOMAIN_ID=C95086
general observation	MANUAL_SEND_DOMAIN_CODE=CL	MANUAL_CODELIST=SDOMAIN	MANUAL_CODELIST_ID=C111113	MANUAL_SEND_DOMAIN_ID=C95086
cardiovascular	MANUAL_SEND_DOMAIN_CODE=CV	MANUAL_CODELIST=SDOMAIN	MANUAL_CODELIST_ID=C111113	MANUAL_SEND_DOMAIN_ID=C102605
heart condition	MANUAL_SEND_DOMAIN_CODE=CV	MANUAL_CODELIST=SDOMAIN	MANUAL_CODELIST_ID=C111113	MANUAL_SEND_DOMAIN_ID=C102605
cardiovascular function	MANUAL_SEND_DOMAIN_CODE=CV	MANUAL_CODELIST=SDOMAIN	MANUAL_CODELIST_ID=C111113	MANUAL_SEND_DOMAIN_ID=C102605
cardiovascular system	MANUAL_SEND_DOMAIN_CODE=CV	MANUAL_CODELIST=SDOMAIN	MANUAL_CODELIST_ID=C111113	MANUAL_SEND_DOMAIN_ID=C102605
heart disease	MANUAL_SEND_DOMAIN_CODE=CV	MANUAL_CODELIST=SDOMAIN	MANUAL_CODELIST_ID=C111113	MANUAL_SEND_DOMAIN_ID=C102605
cardiology	MANUAL_SEND_DOMAIN_CODE=CV	MANUAL_CODELIST=SDOMAIN	MANUAL_CODELIST_ID=C111113	MANUAL_SEND_DOMAIN_ID=C102605
cardiovascular abnormality	MANUAL_SEND_DOMAIN_CODE=CV	MANUAL_CODELIST=SDOMAIN	MANUAL_CODELIST_ID=C111113	MANUAL_SEND_DOMAIN_ID=C102605
cardiac muscle	MANUAL_SEND_DOMAIN_CODE=CV	MANUAL_CODELIST=SDOMAIN	MANUAL_CODELIST_ID=C111113	MANUAL_SEND_DOMAIN_ID=C102605
cardiac	MANUAL_SEND_DOMAIN_CODE=CV	MANUAL_CODELIST=SDOMAIN	MANUAL_CODELIST_ID=C111113	MANUAL_SEND_DOMAIN_ID=C102605
cardiotoxicity	MANUAL_SEND_DOMAIN_CODE=CV	MANUAL_CODELIST=SDOMAIN	MANUAL_CODELIST_ID=C111113	MANUAL_SEND_DOMAIN_ID=C102605
macroscopic findings	MANUAL_SEND_DOMAIN_CODE=MA	MANUAL_CODELIST=SDOMAIN	MANUAL_CODELIST_ID=C111113	MANUAL_SEND_DOMAIN_ID=C95094
macroscopic examinations	MANUAL_SEND_DOMAIN_CODE=MA	MANUAL_CODELIST=SDOMAIN	MANUAL_CODELIST_ID=C111113	MANUAL_SEND_DOMAIN_ID=C95094
macroscopic examination	MANUAL_SEND_DOMAIN_CODE=MA	MANUAL_CODELIST=SDOMAIN	MANUAL_CODELIST_ID=C111113	MANUAL_SEND_DOMAIN_ID=C95094
macroscopic	MANUAL_SEND_DOMAIN_CODE=MA	MANUAL_CODELIST=SDOMAIN	MANUAL_CODELIST_ID=C111113	MANUAL_SEND_DOMAIN_ID=C95094
macroscopical	MANUAL_SEND_DOMAIN_CODE=MA	MANUAL_CODELIST=SDOMAIN	MANUAL_CODELIST_ID=C111113	MANUAL_SEND_DOMAIN_ID=C95094
macroscopical findings	MANUAL_SEND_DOMAIN_CODE=MA	MANUAL_CODELIST=SDOMAIN	MANUAL_CODELIST_ID=C111113	MANUAL_SEND_DOMAIN_ID=C95094
macroscopical examinations	MANUAL_SEND_DOMAIN_CODE=MA	MANUAL_CODELIST=SDOMAIN	MANUAL_CODELIST_ID=C111113	MANUAL_SEND_DOMAIN_ID=C95094
macroscopical examination	MANUAL_SEND_DOMAIN_CODE=MA	MANUAL_CODELIST=SDOMAIN	MANUAL_CODELIST_ID=C111113	MANUAL_SEND_DOMAIN_ID=C95094
microscopic findings	MANUAL_SEND_DOMAIN_CODE=MI	MANUAL_CODELIST=SDOMAIN	MANUAL_CODELIST_ID=C111113	MANUAL_SEND_DOMAIN_ID=C95095
macroscopically	MANUAL_SEND_DOMAIN_CODE=MI	MANUAL_CODELIST=SDOMAIN	MANUAL_CODELIST_ID=C111113	MANUAL_SEND_DOMAIN_ID=C95095
microscopic examination	MANUAL_SEND_DOMAIN_CODE=MI	MANUAL_CODELIST=SDOMAIN	MANUAL_CODELIST_ID=C111113	MANUAL_SEND_DOMAIN_ID=C95095
microscopic examinations	MANUAL_SEND_DOMAIN_CODE=MI	MANUAL_CODELIST=SDOMAIN	MANUAL_CODELIST_ID=C111113	MANUAL_SEND_DOMAIN_ID=C95095
microscopic	MANUAL_SEND_DOMAIN_CODE=MI	MANUAL_CODELIST=SDOMAIN	MANUAL_CODELIST_ID=C111113	MANUAL_SEND_DOMAIN_ID=C95095
microscopical	MANUAL_SEND_DOMAIN_CODE=MI	MANUAL_CODELIST=SDOMAIN	MANUAL_CODELIST_ID=C111113	MANUAL_SEND_DOMAIN_ID=C95095
microscopical findings	MANUAL_SEND_DOMAIN_CODE=MI	MANUAL_CODELIST=SDOMAIN	MANUAL_CODELIST_ID=C111113	MANUAL_SEND_DOMAIN_ID=C95095
microscopical examination	MANUAL_SEND_DOMAIN_CODE=MI	MANUAL_CODELIST=SDOMAIN	MANUAL_CODELIST_ID=C111113	MANUAL_SEND_DOMAIN_ID=C95095
histopathology examination	MANUAL_SEND_DOMAIN_CODE=MI	MANUAL_CODELIST=SDOMAIN	MANUAL_CODELIST_ID=C111113	MANUAL_SEND_DOMAIN_ID=C95095
histopathology examination	MANUAL_SEND_DOMAIN_CODE=MI	MANUAL_CODELIST=SDOMAIN	MANUAL_CODELIST_ID=C111113	MANUAL_SEND_DOMAIN_ID=C95095
histopathology finding	MANUAL_SEND_DOMAIN_CODE=MI	MANUAL_CODELIST=SDOMAIN	MANUAL_CODELIST_ID=C111113	MANUAL_SEND_DOMAIN_ID=C95095
histopathology findings	MANUAL_SEND_DOMAIN_CODE=MI	MANUAL_CODELIST=SDOMAIN	MANUAL_CODELIST_ID=C111113	MANUAL_SEND_DOMAIN_ID=C95095
histological findings	MANUAL_SEND_DOMAIN_CODE=MI	MANUAL_CODELIST=SDOMAIN	MANUAL_CODELIST_ID=C111113	MANUAL_SEND_DOMAIN_ID=C95095
histologic findings	MANUAL_SEND_DOMAIN_CODE=MI	MANUAL_CODELIST=SDOMAIN	MANUAL_CODELIST_ID=C111113	MANUAL_SEND_DOMAIN_ID=C95095
histologic	MANUAL_SEND_DOMAIN_CODE=MI	MANUAL_CODELIST=SDOMAIN	MANUAL_CODELIST_ID=C111113	MANUAL_SEND_DOMAIN_ID=C95095
histopathology	MANUAL_SEND_DOMAIN_CODE=MI	MANUAL_CODELIST=SDOMAIN	MANUAL_CODELIST_ID=C111113	MANUAL_SEND_DOMAIN_ID=C95095
histological	MANUAL_SEND_DOMAIN_CODE=MI	MANUAL_CODELIST=SDOMAIN	MANUAL_CODELIST_ID=C111113	MANUAL_SEND_DOMAIN_ID=C95095
histopathological	MANUAL_SEND_DOMAIN_CODE=MI	MANUAL_CODELIST=SDOMAIN	MANUAL_CODELIST_ID=C111113	MANUAL_SEND_DOMAIN_ID=C95095
histopathologic findings	MANUAL_SEND_DOMAIN_CODE=MI	MANUAL_CODELIST=SDOMAIN	MANUAL_CODELIST_ID=C111113	MANUAL_SEND_DOMAIN_ID=C95095
histomorphological	MANUAL_SEND_DOMAIN_CODE=MI	MANUAL_CODELIST=SDOMAIN	MANUAL_CODELIST_ID=C111113	MANUAL_SEND_DOMAIN_ID=C95095
organ measurement	MANUAL_SEND_DOMAIN_CODE=OM	MANUAL_CODELIST=SDOMAIN	MANUAL_CODELIST_ID=C111113	MANUAL_SEND_DOMAIN_ID=C49605
organ-measurement	MANUAL_SEND_DOMAIN_CODE=OM	MANUAL_CODELIST=SDOMAIN	MANUAL_CODELIST_ID=C111113	MANUAL_SEND_DOMAIN_ID=C49605
organ weights	MANUAL_SEND_DOMAIN_CODE=OM	MANUAL_CODELIST=SDOMAIN	MANUAL_CODELIST_ID=C111113	MANUAL_SEND_DOMAIN_ID=C49605
organ weight	MANUAL_SEND_DOMAIN_CODE=OM	MANUAL_CODELIST=SDOMAIN	MANUAL_CODELIST_ID=C111113	MANUAL_SEND_DOMAIN_ID=C49605
pharmacokinetics	MANUAL_SEND_DOMAIN_CODE=PP	MANUAL_CODELIST=SDOMAIN	MANUAL_CODELIST_ID=C111113	MANUAL_SEND_DOMAIN_ID=C49607
pharmacological medicine	MANUAL_SEND_DOMAIN_CODE=PP	MANUAL_CODELIST=SDOMAIN	MANUAL_CODELIST_ID=C111113	MANUAL_SEND_DOMAIN_ID=C49607
pharmacology	MANUAL_SEND_DOMAIN_CODE=PP	MANUAL_CODELIST=SDOMAIN	MANUAL_CODELIST_ID=C111113	MANUAL_SEND_DOMAIN_ID=C49607
tumor finding	MANUAL_SEND_DOMAIN_CODE=TF	MANUAL_CODELIST=SDOMAIN	MANUAL_CODELIST_ID=C111113	MANUAL_SEND_DOMAIN_ID=C95100
tumor	MANUAL_SEND_DOMAIN_CODE=TF	MANUAL_CODELIST=SDOMAIN	MANUAL_CODELIST_ID=C111113	MANUAL_SEND_DOMAIN_ID=C95100
cancerous growth	MANUAL_SEND_DOMAIN_CODE=TF	MANUAL_CODELIST=SDOMAIN	MANUAL_CODELIST_ID=C111113	MANUAL_SEND_DOMAIN_ID=C95100
malignant growth	MANUAL_SEND_DOMAIN_CODE=TF	MANUAL_CODELIST=SDOMAIN	MANUAL_CODELIST_ID=C111113	MANUAL_SEND_DOMAIN_ID=C95100
cancer	MANUAL_SEND_DOMAIN_CODE=TF	MANUAL_CODELIST=SDOMAIN	MANUAL_CODELIST_ID=C111113	MANUAL_SEND_DOMAIN_ID=C95100
tumefaction	MANUAL_SEND_DOMAIN_CODE=TF	MANUAL_CODELIST=SDOMAIN	MANUAL_CODELIST_ID=C111113	MANUAL_SEND_DOMAIN_ID=C95100
sarcoma	MANUAL_SEND_DOMAIN_CODE=TF	MANUAL_CODELIST=SDOMAIN	MANUAL_CODELIST_ID=C111113	MANUAL_SEND_DOMAIN_ID=C95100
carcinoma	MANUAL_SEND_DOMAIN_CODE=TF	MANUAL_CODELIST=SDOMAIN	MANUAL_CODELIST_ID=C111113	MANUAL_SEND_DOMAIN_ID=C95100
neoplasm	MANUAL_SEND_DOMAIN_CODE=TF	MANUAL_CODELIST=SDOMAIN	MANUAL_CODELIST_ID=C111113	MANUAL_SEND_DOMAIN_ID=C95100
tumor examination	MANUAL_SEND_DOMAIN_CODE=TF	MANUAL_CODELIST=SDOMAIN	MANUAL_CODELIST_ID=C111113	MANUAL_SEND_DOMAIN_ID=C95100
respiratory findings	MANUAL_SEND_DOMAIN_CODE=RE	MANUAL_CODELIST=SDOMAIN	MANUAL_CODELIST_ID=C111113	MANUAL_SEND_DOMAIN_ID=C95098
respiratory examination	MANUAL_SEND_DOMAIN_CODE=RE	MANUAL_CODELIST=SDOMAIN	MANUAL_CODELIST_ID=C111113	MANUAL_SEND_DOMAIN_ID=C95098
respiratory inspection	MANUAL_SEND_DOMAIN_CODE=RE	MANUAL_CODELIST=SDOMAIN	MANUAL_CODELIST_ID=C111113	MANUAL_SEND_DOMAIN_ID=C95098
respiratory system	MANUAL_SEND_DOMAIN_CODE=RE	MANUAL_CODELIST=SDOMAIN	MANUAL_CODELIST_ID=C111113	MANUAL_SEND_DOMAIN_ID=C95098
pulmonary system	MANUAL_SEND_DOMAIN_CODE=RE	MANUAL_CODELIST=SDOMAIN	MANUAL_CODELIST_ID=C111113	MANUAL_SEND_DOMAIN_ID=C95098
pulmonary examination	MANUAL_SEND_DOMAIN_CODE=RE	MANUAL_CODELIST=SDOMAIN	MANUAL_CODELIST_ID=C111113	MANUAL_SEND_DOMAIN_ID=C95098
pulmonary inspection	MANUAL_SEND_DOMAIN_CODE=RE	MANUAL_CODELIST=SDOMAIN	MANUAL_CODELIST_ID=C111113	MANUAL_SEND_DOMAIN_ID=C95098
cause of death	MANUAL_SEND_DOMAIN_CODE=DD	MANUAL_CODELIST=SDOMAIN	MANUAL_CODELIST_ID=C111113	MANUAL_SEND_DOMAIN_ID=C95087
death diagnosis	MANUAL_SEND_DOMAIN_CODE=DD	MANUAL_CODELIST=SDOMAIN	MANUAL_CODELIST_ID=C111113	MANUAL_SEND_DOMAIN_ID=C95087
necrosis	MANUAL_SEND_DOMAIN_CODE=DD	MANUAL_CODELIST=SDOMAIN	MANUAL_CODELIST_ID=C111113	MANUAL_SEND_DOMAIN_ID=C95087
necrosis diagnosis	MANUAL_SEND_DOMAIN_CODE=DD	MANUAL_CODELIST=SDOMAIN	MANUAL_CODELIST_ID=C111113	MANUAL_SEND_DOMAIN_ID=C95087
cause of necrosis	MANUAL_SEND_DOMAIN_CODE=DD	MANUAL_CODELIST=SDOMAIN	MANUAL_CODELIST_ID=C111113	MANUAL_SEND_DOMAIN_ID=C95087
necropsy findings	MANUAL_SEND_DOMAIN_CODE=DD	MANUAL_CODELIST=SDOMAIN	MANUAL_CODELIST_ID=C111113	MANUAL_SEND_DOMAIN_ID=C95087
necropsy finding	MANUAL_SEND_DOMAIN_CODE=DD	MANUAL_CODELIST=SDOMAIN	MANUAL_CODELIST_ID=C111113	MANUAL_SEND_DOMAIN_ID=C95087
necropsy	MANUAL_SEND_DOMAIN_CODE=DD	MANUAL_CODELIST=SDOMAIN	MANUAL_CODELIST_ID=C111113	MANUAL_SEND_DOMAIN_ID=C95087
dead details	MANUAL_SEND_DOMAIN_CODE=DD	MANUAL_CODELIST=SDOMAIN	MANUAL_CODELIST_ID=C111113	MANUAL_SEND_DOMAIN_ID=C95087
death diagnosis	MANUAL_SEND_DOMAIN_CODE=DD	MANUAL_CODELIST=SDOMAIN	MANUAL_CODELIST_ID=C111113	MANUAL_SEND_DOMAIN_ID=C95087
drinking	MANUAL_SEND_DOMAIN_CODE=FW	MANUAL_CODELIST=SDOMAIN	MANUAL_CODELIST_ID=C111113	MANUAL_SEND_DOMAIN_ID=C95090
consumption	MANUAL_SEND_DOMAIN_CODE=FW	MANUAL_CODELIST=SDOMAIN	MANUAL_CODELIST_ID=C111113	MANUAL_SEND_DOMAIN_ID=C95090
food consumption	MANUAL_SEND_DOMAIN_CODE=FW	MANUAL_CODELIST=SDOMAIN	MANUAL_CODELIST_ID=C111113	MANUAL_SEND_DOMAIN_ID=C95090
water consumption	MANUAL_SEND_DOMAIN_CODE=FW	MANUAL_CODELIST=SDOMAIN	MANUAL_CODELIST_ID=C111113	MANUAL_SEND_DOMAIN_ID=C95090
food intake	MANUAL_SEND_DOMAIN_CODE=FW	MANUAL_CODELIST=SDOMAIN	MANUAL_CODELIST_ID=C111113	MANUAL_SEND_DOMAIN_ID=C95090
water intake	MANUAL_SEND_DOMAIN_CODE=FW	MANUAL_CODELIST=SDOMAIN	MANUAL_CODELIST_ID=C111113	MANUAL_SEND_DOMAIN_ID=C95090
food and water consumption	MANUAL_SEND_DOMAIN_CODE=FW	MANUAL_CODELIST=SDOMAIN	MANUAL_CODELIST_ID=C111113	MANUAL_SEND_DOMAIN_ID=C95090
food or water consumption	MANUAL_SEND_DOMAIN_CODE=FW	MANUAL_CODELIST=SDOMAIN	MANUAL_CODELIST_ID=C111113	MANUAL_SEND_DOMAIN_ID=C95090
food and water intake	MANUAL_SEND_DOMAIN_CODE=FW	MANUAL_CODELIST=SDOMAIN	MANUAL_CODELIST_ID=C111113	MANUAL_SEND_DOMAIN_ID=C95090
food or water intake	MANUAL_SEND_DOMAIN_CODE=FW	MANUAL_CODELIST=SDOMAIN	MANUAL_CODELIST_ID=C111113	MANUAL_SEND_DOMAIN_ID=C95090
higher food consumption	MANUAL_SEND_DOMAIN_CODE=FW	MANUAL_CODELIST=SDOMAIN	MANUAL_CODELIST_ID=C111113	MANUAL_SEND_DOMAIN_ID=C95090
feed intake	MANUAL_SEND_DOMAIN_CODE=FW	MANUAL_CODELIST=SDOMAIN	MANUAL_CODELIST_ID=C111113	MANUAL_SEND_DOMAIN_ID=C95090
feed consumption	MANUAL_SEND_DOMAIN_CODE=FW	MANUAL_CODELIST=SDOMAIN	MANUAL_CODELIST_ID=C111113	MANUAL_SEND_DOMAIN_ID=C95090
ecg	MANUAL_SEND_DOMAIN_CODE=EG	MANUAL_CODELIST=SDOMAIN	MANUAL_CODELIST_ID=C111113	MANUAL_SEND_DOMAIN_ID=C49626
electrocardiographic	MANUAL_SEND_DOMAIN_CODE=EG	MANUAL_CODELIST=SDOMAIN	MANUAL_CODELIST_ID=C111113	MANUAL_SEND_DOMAIN_ID=C49626
laboratory findings	MANUAL_SEND_DOMAIN_CODE=LB	MANUAL_CODELIST=SDOMAIN	MANUAL_CODELIST_ID=C111113	MANUAL_SEND_DOMAIN_ID=C49592
vital signs	MANUAL_SEND_DOMAIN_CODE=VS	MANUAL_CODELIST=SDOMAIN	MANUAL_CODELIST_ID=C111113	MANUAL_SEND_DOMAIN_ID=C49622