treatment related finding
treatment related findings
treatment related effect
treatment-related effect
treatment-related effects
treatment related effects
treatment-related-finding
treatment-related-findings
related effects
related effect
adverse effects
dose related
dose-related
related to dose
abnormal
compound-related effect
compound-related effects
compound- related
compound-related
compound related
compound related findings
compound related finding
compound-related findings
compound-related finding
substance-related
substance- related
substance related
compound effect
compound effects
effect of the compound
effects of the compound
effects of the compounds
effect of the compounds
finding
findings
related effect
related effect found
treatment-related
treatment related
further finding
related findings
related finding
effect of treatment
regarded as adverse effect
regarded as adverse effects
were regarded or suspected to be treatment-related
were regarded to be treatment-related
were considered to be treatment-related
suspected to be treatment-related