decrease
increase
prolonged
shortened
modified
altered
high
low
changes
depletion
abnormal
presence of
transient
correlation
exaggerated pharmacology
recovery
lesions were present
was observed
was noted
was recorded
was considered
findings
incidence
secondary to
maximum tolerated dose
MTD
test-article related effects
effects related to test-article
change in
unchanged
unaffected
there was no
similar to control
treatment-related effects
effects related to treatmen
dose-related changes
changes related to dose
unrelated treatment bay
unaffected treatment
treatment test substance effect
treatment relation excluded
treatment related adverse
treatment related effects statistically significant
treatment related effects 
treatment related effect excluded
treatment related effect assumed
related to treatment
related to compound
treatment effect lesion can be excluded
treatment effect finding can be excluded
treatment bay minimally reduced
minimally reduced treatment bay
treatment bay liver minimally reduced
minimally reduced treatment bay liver
toxicological relevance renal finding remains debatable
toxicological relevance remains debatable
toxicological relevance questionable
toxicological relevance findings assumed
toxicological relevance
toxicologic relevance
toxicological relevance assumed
test substance related
test item related
test compounds bay revealed
test compound regarded to be substance related
test compound induced
test compound bay caused
test compound bay revealed
test article related
substance related
slight treatment effect
relevance findings
related treatment
regarded related
related test article
to be caused treatment
to be related
reversible observation period compound related
reveal treatment related
reveal test compound related
reveal findings indicating test article related
reveal compound related
related treatment
related test compound
related histological findings
related effects compound
compound related effects
related bay
regarded treatment related
regarded toxicological relevance
regarded test substance related
regarded related treatment
regarded indicative treatment related
regarded compound related
produce evidence treatment related
indicate test compound related
increased treatment bay
findings related test compound
dose dependent relevance
correlated pharmacological action compound occurred
considered treatrnent related
considered treatment related
considered toxicological relevance
considered to be treatment related
considered to be related to treatment
considered to be related treatment test substance
considered to be related test compound
considered test substance related effect
considered compound vehicle related
considered compound related
compound related
changed treatment bay
affected treatment test substance
affected treatment
none lesions considered treatment related
none findings attributed treatment test item
compound related
treatment related
toxicological relevance
testicular findings detected to be assessed substance related
test substance related
test article related findings
significant treatrnent related effects
significant treatment related
relevant compound related adverse effects
microscopic changes considered test article related
macroscopic changes considered test article related
indication treatment related effect
indication test compound related
hints treatment related effects
findings seen related treatment
findings related treatment
findings recorded considered related treatment
findings indicating test item related effects
findings detected to be assessed substance related
evidence treatment related
evidence test substance related effects
evidence test substance related
evidence test compound related findings
evidence substance related
evidence gross findings related dosing test compound
evidence findings related dosing test compound
evidence directly test compound induced effects
evidence direct test compound induced effect
evidence compound related effects
drug related changes
detectable relationship treatment
cut treatment related
treatment related cut
cut compound related
compound related cut
anirhal died due compound administration
animal died result treatment bay
animal died due compound administration
adverse compound related
due treatment
due test compound
due direct effect test compound
compound related organ weight changes observed
caused test compound
attributed effects test compound
attributable treatment test item
assessed substance related
accidental findings considered toxicological relevance